// Vitest Snapshot v1, https://vitest.dev/guide/snapshot.html

exports[`v-on > event modifier 1`] = `
"
  const n1 = t0()
  const n3 = t1()
  const n5 = t0()
  const n7 = t2()
  const n9 = t2()
  const n11 = t0()
  const n13 = t2()
  const n15 = t3()
  const n17 = t3()
  const n19 = t3()
  const n21 = t3()
  const n23 = t3()
  const n25 = t3()
  const n27 = t3()
  const n29 = t3()
  const n31 = t3()
  const n33 = t3()
  const n35 = t3()
  const n37 = t3()
  const n39 = t3()
  const n41 = t3()
  const n43 = t3()
  n1.$evtclick = _withModifiers(e => handleEvent(e), ["stop"])
  _on(n3, "submit", _withModifiers(e => handleEvent(e), ["prevent"]))
  n5.$evtclick = _withModifiers(e => handleEvent(e), ["stop","prevent"])
  n7.$evtclick = _withModifiers(e => handleEvent(e), ["self"])
  _on(n9, "click", e => handleEvent(e), {
    capture: true
  })
  _on(n11, "click", e => handleEvent(e), {
    once: true
  })
  _on(n13, "scroll", e => handleEvent(e), {
    passive: true
  })
  n15.$evtcontextmenu = _withModifiers(e => handleEvent(e), ["right"])
  n17.$evtclick = _withModifiers(e => handleEvent(e), ["left"])
  n19.$evtmouseup = _withModifiers(e => handleEvent(e), ["middle"])
  n21.$evtcontextmenu = _withKeys(_withModifiers(e => handleEvent(e), ["right"]), ["enter"])
  n23.$evtkeyup = _withKeys(e => handleEvent(e), ["enter"])
  n25.$evtkeyup = _withKeys(e => handleEvent(e), ["tab"])
  n27.$evtkeyup = _withKeys(e => handleEvent(e), ["delete"])
  n29.$evtkeyup = _withKeys(e => handleEvent(e), ["esc"])
  n31.$evtkeyup = _withKeys(e => handleEvent(e), ["space"])
  n33.$evtkeyup = _withKeys(e => handleEvent(e), ["up"])
  n35.$evtkeyup = _withKeys(e => handleEvent(e), ["down"])
  n37.$evtkeyup = _withKeys(e => handleEvent(e), ["left"])
  n39.$evtkeyup = _withModifiers(e => submit(e), ["middle"])
  n41.$evtkeyup = _withModifiers(e => submit(e), ["middle","self"])
  n43.$evtkeyup = _withKeys(_withModifiers(e => handleEvent(e), ["self"]), ["enter"])
  return [n1, n3, n5, n7, n9, n11, n13, n15, n17, n19, n21, n23, n25, n27, n29, n31, n33, n35, n37, n39, n41, n43]
"
`;
