// Vitest Snapshot v1, https://vitest.dev/guide/snapshot.html

exports[`compiler: transform slot > nested component slot 1`] = `
"
  const n1 = _createComponent(A, null, {
    "default": () => {
      const n0 = _createComponent(B)
      return n0
    }
  })
  return n1
"
`;
