// Vitest Snapshot v1, https://vitest.dev/guide/snapshot.html

exports[`defineComponent autoReturnFunction fixtures > ./fixtures/define-component.tsx 1`] = `
"
import { createPropsDefaultProxy as __MACROS_createPropsDefaultProxy } from "vue-jsx-vapor/macros/with-defaults";
import { useAttrs as __MACROS_useAttrs } from "vue";
import { useModel as __MACROS_useModel } from "vue-jsx-vapor/macros/use-model";
import { withAsyncContext as __MACROS_withAsyncContext } from "vue";import { defineComponent, nextTick } from 'vue'

const Comp = defineComponent(
  (__MACROS_props) => {
const __MACROS_default_props = __MACROS_createPropsDefaultProxy(__MACROS_props, {'.bar': 'bar'!});const attrs = __MACROS_useAttrs();
    __MACROS_useModel(__MACROS_props, 'modelValue',)
    const foo = $(
      __MACROS_useModel(__MACROS_props, 'foo', {
        validator: (value) => {
          return value === 'foo'
        },
        type: String,
      })!,
    )
    return () => <div>{[foo, __MACROS_default_props.bar, attrs.baz]}</div>
  },
  {props: { 'bar': { required: true }, 'modelValue': null, 'onUpdate:modelValue': null, 'modelModifiers': null, 'foo': { required: true, validator: (value) => {
          return value === 'foo'
        }, type: String }, 'onUpdate:foo': null, 'fooModifiers': null },inheritAttrs: false, name: 'Comp' },
)

const Comp1 = defineComponent((props: { bar: 'bar'; 'onUpdate:bar': any }) => {
  const foo = __MACROS_useModel(props, 'foo')
  return () => <div>{[foo.value, props['bar'], props['onUpdate:bar']]}</div>
}, { props: { 'bar': null, 'onUpdate:bar': null, 'foo': null, 'onUpdate:foo': null, 'fooModifiers': null } })

const Comp2 = defineComponent(async (__MACROS_props) => {
let __temp, __restore

  ;(
  ([__temp,__restore] = __MACROS_withAsyncContext(() => nextTick())),
  await __temp,
  __restore()
)
  let foo = (
  ([__temp,__restore] = __MACROS_withAsyncContext(() => new Promise((resolve) => {
    setTimeout(() => resolve('foo'), 1000)
  }))),
  __temp = await __temp,
  __restore(),
  __temp
)
  return () => <div>{foo}</div>
})
"
`;

exports[`fixtures > ./fixtures/define-component.tsx 1`] = `
"
import { createPropsDefaultProxy as __MACROS_createPropsDefaultProxy } from "vue-jsx-vapor/macros/with-defaults";
import { useAttrs as __MACROS_useAttrs } from "vue";
import { useModel as __MACROS_useModel } from "vue-jsx-vapor/macros/use-model";
import { withAsyncContext as __MACROS_withAsyncContext } from "vue";import { defineComponent, nextTick } from 'vue'

const Comp = defineComponent(
  (__MACROS_props) => {
const __MACROS_default_props = __MACROS_createPropsDefaultProxy(__MACROS_props, {'.bar': 'bar'!});const attrs = __MACROS_useAttrs();
    __MACROS_useModel(__MACROS_props, 'modelValue',)
    const foo = $(
      __MACROS_useModel(__MACROS_props, 'foo', {
        validator: (value) => {
          return value === 'foo'
        },
        type: String,
      })!,
    )
    return <div>{[foo, __MACROS_default_props.bar, attrs.baz]}</div>
  },
  {props: { 'bar': { required: true }, 'modelValue': null, 'onUpdate:modelValue': null, 'modelModifiers': null, 'foo': { required: true, validator: (value) => {
          return value === 'foo'
        }, type: String }, 'onUpdate:foo': null, 'fooModifiers': null },inheritAttrs: false, name: 'Comp' },
)

const Comp1 = defineComponent((props: { bar: 'bar'; 'onUpdate:bar': any }) => {
  const foo = __MACROS_useModel(props, 'foo')
  return <div>{[foo.value, props['bar'], props['onUpdate:bar']]}</div>
}, { props: { 'bar': null, 'onUpdate:bar': null, 'foo': null, 'onUpdate:foo': null, 'fooModifiers': null } })

const Comp2 = defineComponent(async (__MACROS_props) => {
let __temp, __restore

  ;(
  ([__temp,__restore] = __MACROS_withAsyncContext(() => nextTick())),
  await __temp,
  __restore()
)
  let foo = (
  ([__temp,__restore] = __MACROS_withAsyncContext(() => new Promise((resolve) => {
    setTimeout(() => resolve('foo'), 1000)
  }))),
  __temp = await __temp,
  __restore(),
  __temp
)
  return () => <div>{foo}</div>
})
"
`;

exports[`fixtures > ./fixtures/define-expose.tsx 1`] = `
"
import { currentInstance as __MACROS_currentInstance } from "vue";export function Comp(__MACROS_props) {
  ;(__MACROS_currentInstance.exposed = {
    foo: 1,
  })
  return <div />
}

export const Comp1 = function (props: any) {
  ;(__MACROS_currentInstance.exposed = {
    foo: props.foo,
  })
  return <div />
}

export const Comp2 = ({ foo, ...__MACROS_props }: any) => {
  ;(__MACROS_currentInstance.exposed = {
    foo,
  })
  return <div />
}
"
`;

exports[`fixtures > ./fixtures/define-model.tsx 1`] = `
"
import { useModel as __MACROS_useModel } from "vue-jsx-vapor/macros/use-model";export const Comp = ({ bar, ...__MACROS_props }: { bar: string }) => {
  const foo = __MACROS_useModel<string, 'm1' | 'm2'>(__MACROS_props, 'foo', { default: bar })
  return <div>{foo.value}</div>
}

export default function (__MACROS_props) {
  const modelValue = $(__MACROS_useModel<string>(__MACROS_props, 'modelValue',)!)
  return (
    <Comp v-model:foo_m1={modelValue} bar="bar">
      {modelValue}
    </Comp>
  )
}
"
`;

exports[`fixtures > ./fixtures/define-slots.tsx 1`] = `
"
import { useSlots as __MACROS_useSlots } from "vue";export const Comp = (__MACROS_props) => {
  const slots = Object.assign<{
    default: () => any
  }>({}, __MACROS_useSlots())
  return <div>{slots.default?.()}</div>
}

export default function (__MACROS_props) {
  const slots = Object.assign({
    default: () => <div>default</div>,
  },__MACROS_useSlots())
  return <div>{slots.default?.()}</div>
}
"
`;

exports[`fixtures > ./fixtures/define-style.tsx 1`] = `
"import "vue-jsx-vapor/macros/define-style/0?scopeId=4e9d5cd0&scoped=true&lang.css";import style1 from "vue-jsx-vapor/macros/define-style/1?scopeId=426a859d&scoped=true&lang.module.scss";import "vue-jsx-vapor/macros/define-style/2?scopeId=63a7910c&scoped=false&lang.scss";import { defineComponent, ref } from 'vue'

export const Comp = (__MACROS_props) => {
  const color = ref('red')
  
  return <div {...{style:{'--4e9d5cd0-color-value': color.value}}} data-v-4e9d5cd0="" class="foo">foo</div>
}

export default defineComponent((__MACROS_props) => {
  const color = ref('red')
  const styles = style1
  return () => (
    <>
      <div {...{style:{'--426a859d-color-value': color.value}}} data-v-426a859d="" class={styles.bar}>foo</div>
      <div {...{style:{'--426a859d-color-value': color.value}}} data-v-426a859d="" class="bar">
        <span data-v-426a859d="">bar</span>
      </div>
    </>
  )
})


"
`;
